// Jest Snapshot v1, https://goo.gl/fbAQLP

exports[`Prueba en <FirstApp/> debe de hacer match con el snapshot 1`] = `
<div>
  <h1
    data-testid="test-title"
  >
    Hola, Soy Goku
  </h1>
  <code>
    {"message":"Hola Mundo","nombre":"Joan Pons Sanchis"}
  </code>
  <p>
    No hay subt√≠tulo
  </p>
  <p>
    Joan Pons Sanchis
  </p>
</div>
`;
